<html>
<body>
<pre>
<h1>µVision Build Log</h1>
<h2>Tool Versions:</h2>
IDE-Version: ¦ÌVision V5.32.0.0
Copyright (C) 2020 ARM Ltd and ARM Germany GmbH. All rights reserved.
License Information: jing jing, jing, LIC=21E4T-R2XGM-KP0ZY-I23UG-LI2FI-A155P
 
Tool Versions:
Toolchain:       MDK-ARM Plus  Version: 5.32.0.0
Toolchain Path:  D:\APPs\keil\ARM\ARMCC\Bin
C Compiler:      Armcc.exe V5.06 update 7 (build 960)
Assembler:       Armasm.exe V5.06 update 7 (build 960)
Linker/Locator:  ArmLink.exe V5.06 update 7 (build 960)
Library Manager: ArmAr.exe V5.06 update 7 (build 960)
Hex Converter:   FromElf.exe V5.06 update 7 (build 960)
CPU DLL:         SARMCM3.DLL V5.32.0.0
Dialog DLL:      DCM.DLL V1.17.3.0
Target DLL:      Segger\JL2CM3.dll V2.99.38.0
Dialog DLL:      TCM.DLL V1.46.0.0
 
<h2>Project:</h2>
D:\cProject\keilProj\led\Template.uvprojx
Project File Date:  07/23/2021

<h2>Output:</h2>
*** Using Compiler 'V5.06 update 7 (build 960)', folder: 'D:\APPs\keil\ARM\ARMCC\Bin'
Rebuild target 'Target 1'
assembling startup_stm32f10x_hd.s...
compiling stm32f10x_exti.c...
compiling main.c...
User\main.c(29): warning:  #177-D: variable "key"  was declared but never referenced
  	u8 key,i=0;
User\main.c(29): warning:  #177-D: variable "i"  was declared but never referenced
  	u8 key,i=0;
User\main.c: 2 warnings, 0 errors
compiling stm32f10x_rcc.c...
compiling stm32f10x_it.c...
compiling misc.c...
compiling stm32f10x_tim.c...
compiling stm32f10x_gpio.c...
compiling led.c...
compiling system_stm32f10x.c...
compiling stm32f10x_usart.c...
compiling exti.c...
compiling core_cm3.c...
compiling beep.c...
compiling system.c...
compiling pwm.c...
compiling key.c...
compiling time.c...
compiling usart.c...
compiling SysTick.c...
linking...
Program Size: Code=3652 RO-data=336 RW-data=28 ZI-data=1228  
FromELF: creating hex file...
".\Obj\Template.axf" - 0 Error(s), 2 Warning(s).

<h2>Software Packages used:</h2>

Package Vendor: Keil
                http://www.keil.com/pack/Keil.STM32F1xx_DFP.2.3.0.pack
                Keil.STM32F1xx_DFP.2.3.0
                STMicroelectronics STM32F1 Series Device Support, Drivers and Examples

<h2>Collection of Component include folders:</h2>
  D:\APPs\keil\Arm\Packs\Keil\STM32F1xx_DFP\2.3.0\Device\Include

<h2>Collection of Component Files used:</h2>
Build Time Elapsed:  00:00:05
</pre>
</body>
</html>
